[2026-09-12 07:25:37] to=camisilvauy@gmail.com subject=Verifica tu cuenta - Clinica Imagen
Gracias por registrarte. Confirma tu cuenta visitando el siguiente enlace:

http://localhost/proyecto/verify.php?token=774ffec5fa61d1e83c753ac8bfc77afb744634d959c5b86598b7c3b7cffb3f56

El enlace vence en 24 horas.
---
[2026-09-12 07:59:07] to=cxdwadsfasf@gmail.com subject=Verifica tu cuenta - Clinica Imagen
Gracias por registrarte. Confirma tu cuenta visitando el siguiente enlace:

http://localhost/proyecto/verify.php?token=f5c58b9ca7d0d37edf21c24e762dbb22ff38ed9937ddcd0778ceab0ad9f70f6a

El enlace vence en 24 horas.
---
[2026-09-12 23:17:37] to=paciente@gmail.com subject=Verifica tu cuenta - Clinica Imagen
Gracias por registrarte. Confirma tu cuenta visitando el siguiente enlace:

http://localhost/proyecto/verify.php?token=c5e4ccfaf5e0b25da09da7d2a32f040c12ca348fcbc1be139ed867f106e4fcfe

El enlace vence en 24 horas.
---
[2026-09-14 09:44:09] to=nuevopaciente-test@example.com subject=Verifica tu cuenta - Clinica Imagen
Gracias por registrarte. Confirma tu cuenta visitando el siguiente enlace:

http://localhost/proyecto/verify.php?token=5d3df91814446c6bb35948fc45ab0ffba21c3d52144805aa86a9cfd4b501118e

El enlace vence en 24 horas.
---
[2026-09-14 10:02:09] to=qa.found.verify@example.test subject=Verifica tu cuenta - Clinica Imagen
Gracias por registrarte. Confirma tu cuenta visitando el siguiente enlace:

http://localhost/proyecto/verify.php?token=bcfc5d5bb6b55205171bed9c6216aad671fb4f13bb28344a35b8a4328e1eba51

El enlace vence en 24 horas.
---
[2026-09-14 10:03:53] to=throwaway.verify.qa@example.test subject=Verifica tu cuenta - Clinica Imagen
Gracias por registrarte. Confirma tu cuenta visitando el siguiente enlace:

http://localhost/proyecto/verify.php?token=092cbaefbc9ad4862a57b20eef6bd2223a1a39b66fc8df762f7756e86530fff7

El enlace vence en 24 horas.
---
[2026-09-14 10:53:12] to=enzorobaina473@gmail.cm subject=Verifica tu cuenta - Clinica Imagen
Gracias por registrarte. Confirma tu cuenta visitando el siguiente enlace:

http://localhost/proyecto/verify.php?token=949756d5be7eafd2526028bfdef386122399b789549f4034ea82a254b69d04a8

El enlace vence en 24 horas.
---
